Traffic
 70                  ┊              ▄▄
 62                  ┊      ▄▄▄▄  ▄▄░░
 54                 ▄┊▄   ▄▄░░░░▄▄░░░░
 47         ▄▄    ▄▄░┊░▄▄▄▄░░░▄▄░░░░░░
 39       ▄▄░░▄▄▄▄░░░┊░░░░░▄▄▄░░░░░░▒▒
 31     ▄▄░░░▄▄░░░░░░┊░░░░░░░░░░░▒░▒░▒
 23   ▄▄▄▄▄▄▄░░░░░▒▒▒┊▒▒▒░▒░░░▒▒▒░▒▒▒▒
 16 ▄▄░░░░░░░▒░▒░▒░▒░┊▒▒░▒░▒░▒░▒░▒▒▒░▒
  8 ▒▒▒▒▒▒▒▒▒▒▒▓▓▓▓▓▓┊▓▓▓▓▓▓▓▓▓▓▓▓▓▓▓▓
  0 ──────────────────────────────────
      Mon    Tue      Wed     Thu     Fr
■ desktop  ■ mobile
◆ Wed  desktop: 28.00  mobile: 55.00